
[2026-09-19 20:52:15] starting robot job: shelf=1 item=banana
robot job exited with code 1

[2026-09-19 21:03:25] starting robot job: shelf=1 item=banana
robot job exited with code 1

[2026-09-19 21:05:58] starting robot job: shelf=1 item=banana
robot job exited with code 1

[2026-09-19 23:35:33] starting robot job: shelf=1 item=banana
TWO-STAGE DIRECT: first reach a point 0.80m behind table_1, then align to its marker.
current=(-0.254, -1.973, +2.5deg)  target=(-0.200, -1.778, -167.9deg)  error=0.20m/-170.4deg
LEAN OFF: switching to BALANCE before moving.
Writer base.mode using 1 buffers, size 4.01 KB, window 50ms
Writer drive.ctrl using 1 buffers, size 4.02 KB, window 10ms
Writer drive.ctrl using 1 buffers, size 4.02 KB, window 10ms
Writer drive.ctrl using 1 buffers, size 4.02 KB, window 10ms
Writer drive.ctrl using 1 buffers, size 4.02 KB, window 10ms
Writer drive.ctrl using 1 buffers, size 4.02 KB, window 10ms
Writer drive.ctrl using 1 buffers, size 4.02 KB, window 10ms
Writer drive.ctrl using 1 buffers, size 4.02 KB, window 10ms
Writer drive.ctrl using 1 buffers, size 4.02 KB, window 10ms
Writer drive.ctrl using 1 buffers, size 4.02 KB, window 10ms
Writer drive.ctrl using 1 buffers, size 4.02 KB, window 10ms
Writer drive.ctrl using 1 buffers, size 4.02 KB, window 10ms
Writer drive.ctrl using 1 buffers, size 4.02 KB, window 10ms
Writer drive.ctrl using 1 buffers, size 4.02 KB, window 10ms
Writer drive.ctrl using 1 buffers, size 4.02 KB, window 10ms
Writer drive.ctrl using 1 buffers, size 4.02 KB, window 10ms
Writer drive.ctrl using 1 buffers, size 4.02 KB, window 10ms
Writer drive.ctrl using 1 buffers, size 4.02 KB, window 10ms
Writer drive.ctrl using 1 buffers, size 4.02 KB, window 10ms
Writer drive.ctrl using 1 buffers, size 4.02 KB, window 10ms
Writer drive.ctrl using 1 buffers, size 4.02 KB, window 10ms
Writer drive.ctrl using 1 buffers, size 4.02 KB, window 10ms
Writer drive.ctrl using 1 buffers, size 4.02 KB, window 10ms
Writer drive.ctrl using 1 buffers, size 4.02 KB, window 10ms
Writer drive.ctrl using 1 buffers, size 4.02 KB, window 10ms
Writer drive.ctrl using 1 buffers, size 4.02 KB, window 10ms
Writer drive.ctrl using 1 buffers, size 4.02 KB, window 10ms
Writer drive.ctrl using 1 buffers, size 4.02 KB, window 10ms
Writer drive.ctrl using 1 buffers, size 4.02 KB, window 10ms
Writer drive.ctrl using 1 buffers, size 4.02 KB, window 10ms
Writer drive.ctrl using 1 buffers, size 4.02 KB, window 10ms
Writer drive.ctrl using 1 buffers, size 4.02 KB, window 10ms
Writer drive.ctrl using 1 buffers, size 4.02 KB, window 10ms
Writer drive.ctrl using 1 buffers, size 4.02 KB, window 10ms
Writer drive.ctrl using 1 buffers, size 4.02 KB, window 10ms
Writer drive.ctrl using 1 buffers, size 4.02 KB, window 10ms
Writer drive.ctrl using 1 buffers, size 4.02 KB, window 10ms
Writer drive.ctrl using 1 buffers, size 4.02 KB, window 10ms
Writer drive.ctrl using 1 buffers, size 4.02 KB, window 10ms
Writer drive.ctrl using 1 buffers, size 4.02 KB, window 10ms
Writer drive.ctrl using 1 buffers, size 4.02 KB, window 10ms
Writer drive.ctrl using 1 buffers, size 4.02 KB, window 10ms
Writer drive.ctrl using 1 buffers, size 4.02 KB, window 10ms
Writer drive.ctrl using 1 buffers, size 4.02 KB, window 10ms
Writer drive.ctrl using 1 buffers, size 4.02 KB, window 10ms
Writer drive.ctrl using 1 buffers, size 4.02 KB, window 10ms
Writer drive.ctrl using 1 buffers, size 4.02 KB, window 10ms
Writer drive.ctrl using 1 buffers, size 4.02 KB, window 10ms
Writer drive.ctrl using 1 buffers, size 4.02 KB, window 10ms
Writer drive.ctrl using 1 buffers, size 4.02 KB, window 10ms
Writer drive.ctrl using 1 buffers, size 4.02 KB, window 10ms
Writer drive.ctrl using 1 buffers, size 4.02 KB, window 10ms
ERROR: Navigation could not take control: drive.ctrl is still owned by another app. Stop Manual Drive, Quest drive, or any other app using nav.command/drive.ctrl.
robot job exited with code 2

[2026-09-19 23:41:28] starting robot job: shelf=2 item=rice
TWO-STAGE DIRECT: first reach a point 0.80m behind table_2, then align to its marker.
current=(+0.011, -1.884, -23.1deg)  target=(+0.434, +0.448, -0.4deg)  error=2.37m/+22.7deg
AUTO-UNDOCK armed: leaving table_1 by reversing 0.50m before navigation.
LEAN OFF: switching to BALANCE before moving.
Writer base.mode using 1 buffers, size 4.01 KB, window 50ms
Waiting for BALANCE mode to settle before measuring reverse...
AUTO-UNDOCK REFUSED: near table_1, but heading differs by -145.1deg (limit 35.0deg).
robot job exited with code 2

[2026-09-19 23:41:40] starting robot job: shelf=2 item=rice
TWO-STAGE DIRECT: first reach a point 0.80m behind table_2, then align to its marker.
current=(+0.015, -1.895, -22.6deg)  target=(+0.434, +0.448, -0.4deg)  error=2.38m/+22.2deg
AUTO-UNDOCK armed: leaving table_1 by reversing 0.50m before navigation.
LEAN OFF: switching to BALANCE before moving.
Writer base.mode using 1 buffers, size 4.01 KB, window 50ms
Waiting for BALANCE mode to settle before measuring reverse...
AUTO-UNDOCK REFUSED: near table_1, but heading differs by -145.4deg (limit 35.0deg).
robot job exited with code 2

[2026-09-19 23:45:03] starting robot job: shelf=1 item=banana
TWO-STAGE DIRECT: first reach a point 0.80m behind table_1, then align to its marker.
current=(+0.042, -1.954, -17.9deg)  target=(-0.200, -1.778, -167.9deg)  error=0.30m/-150.0deg
LEAN OFF: switching to BALANCE before moving.
Writer base.mode using 1 buffers, size 4.01 KB, window 50ms
Writer drive.ctrl using 1 buffers, size 4.02 KB, window 10ms
Writer drive.ctrl using 1 buffers, size 4.02 KB, window 10ms
Writer drive.ctrl using 1 buffers, size 4.02 KB, window 10ms
Writer drive.ctrl using 1 buffers, size 4.02 KB, window 10ms
Writer drive.ctrl using 1 buffers, size 4.02 KB, window 10ms
Writer drive.ctrl using 1 buffers, size 4.02 KB, window 10ms
Writer drive.ctrl using 1 buffers, size 4.02 KB, window 10ms
Writer drive.ctrl using 1 buffers, size 4.02 KB, window 10ms
Writer drive.ctrl using 1 buffers, size 4.02 KB, window 10ms
Writer drive.ctrl using 1 buffers, size 4.02 KB, window 10ms
Writer drive.ctrl using 1 buffers, size 4.02 KB, window 10ms
Writer drive.ctrl using 1 buffers, size 4.02 KB, window 10ms
Writer drive.ctrl using 1 buffers, size 4.02 KB, window 10ms
Writer drive.ctrl using 1 buffers, size 4.02 KB, window 10ms
Writer drive.ctrl using 1 buffers, size 4.02 KB, window 10ms
Writer drive.ctrl using 1 buffers, size 4.02 KB, window 10ms
Writer drive.ctrl using 1 buffers, size 4.02 KB, window 10ms
Writer drive.ctrl using 1 buffers, size 4.02 KB, window 10ms
Writer drive.ctrl using 1 buffers, size 4.02 KB, window 10ms
Writer drive.ctrl using 1 buffers, size 4.02 KB, window 10ms
Writer drive.ctrl using 1 buffers, size 4.02 KB, window 10ms
Writer drive.ctrl using 1 buffers, size 4.02 KB, window 10ms
Writer drive.ctrl using 1 buffers, size 4.02 KB, window 10ms
Writer drive.ctrl using 1 buffers, size 4.02 KB, window 10ms
Writer drive.ctrl using 1 buffers, size 4.02 KB, window 10ms
Writer drive.ctrl using 1 buffers, size 4.02 KB, window 10ms
Writer drive.ctrl using 1 buffers, size 4.02 KB, window 10ms
Writer drive.ctrl using 1 buffers, size 4.02 KB, window 10ms
Writer drive.ctrl using 1 buffers, size 4.02 KB, window 10ms
Writer drive.ctrl using 1 buffers, size 4.02 KB, window 10ms
Writer drive.ctrl using 1 buffers, size 4.02 KB, window 10ms
Writer drive.ctrl using 1 buffers, size 4.02 KB, window 10ms
Writer drive.ctrl using 1 buffers, size 4.02 KB, window 10ms
Writer drive.ctrl using 1 buffers, size 4.02 KB, window 10ms
Writer drive.ctrl using 1 buffers, size 4.02 KB, window 10ms
Writer drive.ctrl using 1 buffers, size 4.02 KB, window 10ms
Writer drive.ctrl using 1 buffers, size 4.02 KB, window 10ms
Writer drive.ctrl using 1 buffers, size 4.02 KB, window 10ms
Writer drive.ctrl using 1 buffers, size 4.02 KB, window 10ms
Writer drive.ctrl using 1 buffers, size 4.02 KB, window 10ms
Writer drive.ctrl using 1 buffers, size 4.02 KB, window 10ms
Writer drive.ctrl using 1 buffers, size 4.02 KB, window 10ms
Writer drive.ctrl using 1 buffers, size 4.02 KB, window 10ms
Writer drive.ctrl using 1 buffers, size 4.02 KB, window 10ms
Writer drive.ctrl using 1 buffers, size 4.02 KB, window 10ms
Writer drive.ctrl using 1 buffers, size 4.02 KB, window 10ms
Writer drive.ctrl using 1 buffers, size 4.02 KB, window 10ms
Writer drive.ctrl using 1 buffers, size 4.02 KB, window 10ms
Writer drive.ctrl using 1 buffers, size 4.02 KB, window 10ms
Writer drive.ctrl using 1 buffers, size 4.02 KB, window 10ms
Writer drive.ctrl using 1 buffers, size 4.02 KB, window 10ms
ERROR: Navigation could not take control: drive.ctrl is still owned by another app. Stop Manual Drive, Quest drive, or any other app using nav.command/drive.ctrl.
robot job exited with code 2

[2026-09-19 23:45:12] starting robot job: shelf=2 item=rice
TWO-STAGE DIRECT: first reach a point 0.80m behind table_2, then align to its marker.
current=(+0.021, -1.903, -17.0deg)  target=(+0.434, +0.448, -0.4deg)  error=2.39m/+16.6deg
AUTO-UNDOCK armed: leaving table_1 by reversing 0.50m before navigation.
LEAN OFF: switching to BALANCE before moving.
Writer base.mode using 1 buffers, size 4.01 KB, window 50ms
Waiting for BALANCE mode to settle before measuring reverse...
AUTO-UNDOCK REFUSED: near table_1, but heading differs by -150.8deg (limit 35.0deg).
robot job exited with code 2

[2026-09-20 00:20:09] starting robot job: shelf=1 item=banana
bash: line 1: cd: /home/bracketbot/bbapps/hampy_demo: No such file or directory
robot job exited with code 1

[2026-09-20 00:20:26] starting robot job: shelf=1 item=banana
bash: line 1: C:CodeHTNHackTheNorthbackend.venvScriptspython.exe: command not found
robot job exited with code 127

[2026-09-20 00:20:51] starting robot job: shelf=1 item=banana
TWO-STAGE DIRECT: first reach a point 0.80m behind table_1, then align to its marker.
Writer drive.ctrl using 1 buffers, size 4.02 KB, window 10ms
PICKUP COMPLETE: navigating to table_2 while holding the item...
At table_2: extending and lowering the held item...
Dropping: opening both grippers...

[2026-09-20 00:21:09] starting robot job: shelf=1 item=banana, shelf=2 item=rice
HAMPY_STAGE: queued
Writer drive.ctrl noise
HAMPY_STAGE: dropping_first
HAMPY_STAGE: picking
HAMPY_STAGE: dropping_second
HAMPY_STAGE: bogus_key
HAMPY_STAGE: arrived

[2026-09-20 00:21:10] starting robot job: shelf=1 item=banana
TRANSFER COMPLETE.
robot job exited with code 0
HAMPY_STAGE: picking
NAVIGATION FAILED (exit code 2).
